I'm sorry, but errors were detected in your script. Please correct the
errors listed below, and try again.


The label j_gh is defined twice, at File "game/jena2.rpy", line 168:
                        label j_gh:
and File "game/jena2.rpy", line 176:
                        label j_gh:


Ren'Py Version: Ren'Py 8.2.1.24030407
Fri Jun 21 03:19:20 2024
